<?xml version="1.0" encoding="UTF-8"?><mappingRoot xmlns="http://www.ibm.com/2008/ccl/Mapping" domainID="com.ibm.msl.mapping.xml" domainIDExtension="mb" mainMap="true" targetNamespace="default" version="8.0.5.0" xmlns:map="default">
    <input derivedFrom="MB:JSON_schema_in_swagger_document" path="/IPPService.yaml" var="var1"/>
    <input path="/IBMdefined/org/xmlsoap/schemas/soap/envelope/soapenv11.xsd" var="var5"/>
    <input path="/ippServiceConcrete_InlineSchema6.xsd" var="var4"/>
    <output path="jar:file://!com/ibm/etools/mft/map/xsds/predefined/JsonDomainMsg.xsd" var="var2"/>
    <output derivedFrom="MB:JSON_schema_in_swagger_document" path="/IPPService.yaml" var="var3"/>
    <namespaces>
        <namespace kind="supplement" prefix="io" uri="http://www.ibm.com/iib/msl/json"/>
    </namespaces>
    <generation engine="xquery"/>
    <mappingDeclaration name="validatePlateAndVin3_Mapping">
        <input namespace="http://schemas.xmlsoap.org/soap/envelope/" path="$var5/mb:msg(Envelope,assembly,XMLNSC,Properties)" var="MessageAssembly">
            <cast path="$MessageAssembly/Envelope/Body/any" qualifier="{http://service.ipp.dmv.ca.gov}ValidatePlateAndVin3Response" ref="var4"/>
        </input>
        <output namespace="http://www.ibm.com/iib/msl/json" path="$var2/mb:msg(JSON,assembly,JSON,Properties)" var="ComIbmMessageAssembly_JSON1">
            <cast derivedFrom="MB:JSON_operation_response" path="$ComIbmMessageAssembly_JSON1/JSON/Data/type('anyType')" qualifier="{http://www.ibm.com/iib/msl/json}ValidatePlateAndVin3Response" ref="var3"/>
        </output>
        <move>
            <input path="$MessageAssembly/Properties"/>
            <output path="$ComIbmMessageAssembly_JSON1/Properties"/>
        </move>
        <local>
            <input path="$MessageAssembly/Envelope/Body/ValidatePlateAndVin3Response/header"/>
            <output path="$ComIbmMessageAssembly_JSON1/JSON/spath('Data',2)/header"/>
            <move automap="true">
                <input path="system"/>
                <output path="system"/>
            </move>
            <move automap="true">
                <input path="transactionId"/>
                <output path="transactionId"/>
            </move>
            <move automap="true">
                <input path="lastModUser"/>
                <output path="lastModUser"/>
            </move>
            <move automap="true">
                <input path="lastModTime"/>
                <output path="lastModTime"/>
            </move>
            <move automap="true">
                <input path="ipAddress"/>
                <output path="ipAddress"/>
            </move>
            <move automap="true">
                <input path="createdTime"/>
                <output path="createdTime"/>
            </move>
        </local>
        <local>
            <input path="$MessageAssembly/Envelope/Body/ValidatePlateAndVin3Response/status"/>
            <output path="$ComIbmMessageAssembly_JSON1/JSON/spath('Data',2)/status"/>
            <move automap="true">
                <input path="code"/>
                <output path="code"/>
            </move>
            <move automap="true">
                <input path="description"/>
                <output path="description"/>
            </move>
            <move automap="true">
                <input path="success"/>
                <output path="success"/>
            </move>
            <move automap="true">
                <input path="updateCount"/>
                <output path="updateCount"/>
            </move>
        </local>
        <local>
            <input path="$MessageAssembly/Envelope/Body/ValidatePlateAndVin3Response/payload"/>
            <output path="$ComIbmMessageAssembly_JSON1/JSON/spath('Data',2)/payload"/>
            <move automap="true">
                <input path="plateAndVin3Response/statusCode"/>
                <output path="plateAndVin3Response/statusCode"/>
            </move>
            <move automap="true">
                <input path="plateAndVin3Response/dupOrderDate"/>
                <output path="plateAndVin3Response/dupOrderDate"/>
            </move>
            <move automap="true">
                <input path="plateAndVin3Response/dupOrderTime"/>
                <output path="plateAndVin3Response/dupOrderTime"/>
            </move>
            <move automap="true">
                <input path="plateAndVin3Response/dupSpclPlateTypeCode"/>
                <output path="plateAndVin3Response/dupSpclPlateTypeCode"/>
            </move>
        </local>
    </mappingDeclaration>
</mappingRoot>