<?xml version="1.0" encoding="UTF-8"?><mappingRoot xmlns="http://www.ibm.com/2008/ccl/Mapping" domainID="com.ibm.msl.mapping.xml" domainIDExtension="mb" mainMap="true" targetNamespace="default" version="8.0.5.0" xmlns:map="default">
    <input derivedFrom="MB:JSON_schema_in_swagger_document" path="/swagger.yaml" var="var1"/>
    <input path="jar:file://!com/ibm/etools/mft/map/xsds/predefined/SOAPDomainMsg.xsd" var="var6"/>
    <input path="/SimpleWS_InlineSchema1.xsd" var="var"/>
    <output path="jar:file://!com/ibm/etools/mft/map/xsds/predefined/JsonDomainMsg.xsd" var="var2"/>
    <output derivedFrom="MB:JSON_schema_in_swagger_document" path="/swagger.yaml" var="var3"/>
    <namespaces>
        <namespace kind="supplement" prefix="io" uri="http://www.ibm.com/iib/msl/json"/>
        <namespace kind="supplement" prefix="in" uri="http://SimpleWS"/>
        <namespace kind="supplement" prefix="in2" uri="http://schemas.xmlsoap.org/soap/envelope/"/>
    </namespaces>
    <generation engine="xquery"/>
    <mappingDeclaration name="getByInput_Mapping">
        <input path="$var6/mb:msg(SOAP_Domain_Msg,assembly,SOAP,Properties)" var="MessageAssembly">
            <cast path="$MessageAssembly/SOAP_Domain_Msg/Body/any" qualifier="{http://SimpleWS}operation1Response" ref="var"/>
        </input>
        <output namespace="http://www.ibm.com/iib/msl/json" path="$var2/mb:msg(JSON,assembly,JSON,Properties)" var="ComIbmMessageAssembly_JSON1">
            <cast derivedFrom="MB:JSON_operation_response" path="$ComIbmMessageAssembly_JSON1/JSON/Data/type('anyType')" qualifier="{http://www.ibm.com/iib/msl/json}output" ref="var3"/>
        </output>
        <move>
            <input path="$MessageAssembly/Properties"/>
            <output path="$ComIbmMessageAssembly_JSON1/Properties"/>
        </move>
        <move>
            <input path="$MessageAssembly/SOAP_Domain_Msg/Body/operation1Response/output1"/>
            <output path="$ComIbmMessageAssembly_JSON1/JSON/spath('Data',2)/output"/>
        </move>
    </mappingDeclaration>
</mappingRoot>