<?xml version="1.0" encoding="UTF-8"?><mappingRoot xmlns="http://www.ibm.com/2008/ccl/Mapping" domainID="com.ibm.msl.mapping.xml" domainIDExtension="mb" mainMap="true" targetNamespace="default" version="8.0.5.0" xmlns:map="default">
    <input path="jar:file://!com/ibm/etools/mft/map/xsds/predefined/JsonDomainMsg.xsd" var="var"/>
    <input derivedFrom="MB:JSON_schema_in_swagger_document" path="/swagger.yaml" var="var1"/>
    <input path="/SimpleWS_InlineSchema1.xsd" var="var4"/>
    <output path="/IBMdefined/org/xmlsoap/schemas/soap/envelope/soapenv11.xsd"/>
    <namespaces>
        <namespace kind="supplement" prefix="io" uri="http://www.ibm.com/iib/msl/json"/>
        <namespace kind="supplement" prefix="io2" uri="http://SimpleWS"/>
        <namespace kind="supplement" prefix="out" uri="http://schemas.xmlsoap.org/soap/envelope/"/>
    </namespaces>
    <generation engine="xquery"/>
    <mappingDeclaration name="getByInput_Mapping">
        <input derivedFrom="MB:JSON_operation_name:getByInput" namespace="http://www.ibm.com/iib/msl/json" path="$var/mb:msg(JSON,assembly,JSON,Properties,LocalEnvironment)" var="ComIbmMessageAssembly_JSON">
            <cast derivedFrom="MB:JSON_operation_request" path="$ComIbmMessageAssembly_JSON/JSON/Data/type('anyType')" qualifier="{http://www.ibm.com/iib/msl/json}input" ref="var1"/>
        </input>
        <output namespace="http://schemas.xmlsoap.org/soap/envelope/" path="mb:msg(Envelope,assembly,XMLNSC,Properties)" var="MessageAssembly">
            <cast path="$MessageAssembly/Envelope/Body/any" qualifier="{http://SimpleWS}operation1" ref="var4"/>
        </output>
        <task type="info">
            <documentation description="The REST API input data of operation getByInput.">This Task is provided to show the location of the REST API input data of operation getByInput.
The path and query parameters are provided under "Parameters".
You may need to use these as inputs to your mappings.</documentation>
            <input path="$ComIbmMessageAssembly_JSON/LocalEnvironment/REST/Input"/>
        </task>
        <move>
            <input path="$ComIbmMessageAssembly_JSON/Properties"/>
            <output path="$MessageAssembly/Properties"/>
        </move>
        <move>
            <input path="$ComIbmMessageAssembly_JSON/JSON/spath('Data',2)/input"/>
            <output path="$MessageAssembly/Envelope/Body/operation1/input1"/>
        </move>
    </mappingDeclaration>
</mappingRoot>