<?xml version="1.0" encoding="UTF-8"?><mappingRoot xmlns="http://www.ibm.com/2008/ccl/Mapping" domainID="com.ibm.msl.mapping.xml" domainIDExtension="mb" mainMap="true" targetNamespace="default" version="8.0.5.0" xmlns:map="default">
    <input path="jar:file://!com/ibm/etools/mft/map/xsds/predefined/JsonDomainMsg.xsd" var="var"/>
    <input derivedFrom="MB:JSON_schema_in_swagger_document" path="/IPPService.yaml" var="var1"/>
    <input path="/ippServiceConcrete_InlineSchema6.xsd" var="var4"/>
    <output path="/IBMdefined/org/xmlsoap/schemas/soap/envelope/soapenv11.xsd"/>
    <namespaces>
        <namespace kind="supplement" prefix="io" uri="http://www.ibm.com/iib/msl/json"/>
    </namespaces>
    <generation engine="xquery"/>
    <mappingDeclaration name="eligiblePersonalizedPlateReservation_Mapping">
        <input derivedFrom="MB:JSON_operation_name:eligiblePersonalizedPlateReservation" namespace="http://www.ibm.com/iib/msl/json" path="$var/mb:msg(JSON,assembly,JSON,Properties,LocalEnvironment)" var="ComIbmMessageAssembly_JSON">
            <cast derivedFrom="MB:JSON_operation_request" path="$ComIbmMessageAssembly_JSON/JSON/Data/type('anyType')" qualifier="{http://www.ibm.com/iib/msl/json}EligiblePersonalizedPlateReservationRequest" ref="var1"/>
        </input>
        <output namespace="http://schemas.xmlsoap.org/soap/envelope/" path="mb:msg(Envelope,assembly,XMLNSC,Properties)" var="MessageAssembly">
            <cast path="$MessageAssembly/Envelope/Body/any" qualifier="{http://service.ipp.dmv.ca.gov}EligiblePersonalizedPlateReservationRequest" ref="var4"/>
        </output>
        <task type="info">
            <documentation description="The REST API input data of operation eligiblePersonalizedPlateReservation.">This Task is provided to show the location of the REST API input data of operation eligiblePersonalizedPlateReservation.
The path and query parameters are provided under "Parameters".
You may need to use these as inputs to your mappings.</documentation>
            <input path="$ComIbmMessageAssembly_JSON/LocalEnvironment/REST/Input"/>
        </task>
        <move>
            <input path="$ComIbmMessageAssembly_JSON/Properties"/>
            <output path="$MessageAssembly/Properties"/>
        </move>
        <local>
            <input path="$ComIbmMessageAssembly_JSON/JSON/spath('Data',2)/header"/>
            <output path="$MessageAssembly/Envelope/Body/EligiblePersonalizedPlateReservationRequest/header"/>
            <move automap="true">
                <input path="system"/>
                <output path="system"/>
            </move>
            <move automap="true">
                <input path="transactionId"/>
                <output path="transactionId"/>
            </move>
            <move automap="true">
                <input path="lastModUser"/>
                <output path="lastModUser"/>
            </move>
            <move automap="true">
                <input path="lastModTime"/>
                <output path="lastModTime"/>
            </move>
            <move automap="true">
                <input path="ipAddress"/>
                <output path="ipAddress"/>
            </move>
            <move automap="true">
                <input path="createdTime"/>
                <output path="createdTime"/>
            </move>
        </local>
        <local>
            <input path="$ComIbmMessageAssembly_JSON/JSON/spath('Data',2)/status"/>
            <output path="$MessageAssembly/Envelope/Body/EligiblePersonalizedPlateReservationRequest/status"/>
            <move automap="true">
                <input path="code"/>
                <output path="code"/>
            </move>
            <move automap="true">
                <input path="description"/>
                <output path="description"/>
            </move>
            <move automap="true">
                <input path="success"/>
                <output path="success"/>
            </move>
            <move automap="true">
                <input path="updateCount"/>
                <output path="updateCount"/>
            </move>
        </local>
        <local>
            <input path="$ComIbmMessageAssembly_JSON/JSON/spath('Data',2)/payload"/>
            <output path="$MessageAssembly/Envelope/Body/EligiblePersonalizedPlateReservationRequest/payload"/>
            <move automap="true">
                <input path="personalizedPlateRequest/amountPaid"/>
                <output path="personalizedPlateRequest/amountPaid"/>
            </move>
            <move automap="true">
                <input path="personalizedPlateRequest/callerState"/>
                <output path="personalizedPlateRequest/callerState"/>
            </move>
            <move automap="true">
                <input path="personalizedPlateRequest/convFee"/>
                <output path="personalizedPlateRequest/convFee"/>
            </move>
            <move automap="true">
                <input path="personalizedPlateRequest/custFullName"/>
                <output path="personalizedPlateRequest/custFullName"/>
            </move>
            <move automap="true">
                <input path="personalizedPlateRequest/encryptedCardNumber"/>
                <output path="personalizedPlateRequest/encryptedCardNumber"/>
            </move>
            <move automap="true">
                <input path="personalizedPlateRequest/fieldOfficeId"/>
                <output path="personalizedPlateRequest/fieldOfficeId"/>
            </move>
            <move automap="true">
                <input path="personalizedPlateRequest/fileCode"/>
                <output path="personalizedPlateRequest/fileCode"/>
            </move>
            <move automap="true">
                <input path="personalizedPlateRequest/firstName"/>
                <output path="personalizedPlateRequest/firstName"/>
            </move>
            <move automap="true">
                <input path="personalizedPlateRequest/formattedLicensePlate"/>
                <output path="personalizedPlateRequest/formattedLicensePlate"/>
            </move>
            <move automap="true">
                <input path="personalizedPlateRequest/giftGiverFirstName"/>
                <output path="personalizedPlateRequest/giftGiverFirstName"/>
            </move>
            <move automap="true">
                <input path="personalizedPlateRequest/giftGiverLastName"/>
                <output path="personalizedPlateRequest/giftGiverLastName"/>
            </move>
            <move automap="true">
                <input path="personalizedPlateRequest/giftGiverMiddleName"/>
                <output path="personalizedPlateRequest/giftGiverMiddleName"/>
            </move>
            <move automap="true">
                <input path="personalizedPlateRequest/kidPlateCode"/>
                <output path="personalizedPlateRequest/kidPlateCode"/>
            </move>
            <move automap="true">
                <input path="personalizedPlateRequest/lastName"/>
                <output path="personalizedPlateRequest/lastName"/>
            </move>
            <move automap="true">
                <input path="personalizedPlateRequest/licensePlateCustNumber"/>
                <output path="personalizedPlateRequest/licensePlateCustNumber"/>
            </move>
            <move automap="true">
                <input path="personalizedPlateRequest/meaningText"/>
                <output path="personalizedPlateRequest/meaningText"/>
            </move>
            <move automap="true">
                <input path="personalizedPlateRequest/middleName"/>
                <output path="personalizedPlateRequest/middleName"/>
            </move>
            <move automap="true">
                <input path="personalizedPlateRequest/officeId"/>
                <output path="personalizedPlateRequest/officeId"/>
            </move>
            <move automap="true">
                <input path="personalizedPlateRequest/origFee"/>
                <output path="personalizedPlateRequest/origFee"/>
            </move>
            <move automap="true">
                <input path="personalizedPlateRequest/ownerAddress"/>
                <output path="personalizedPlateRequest/ownerAddress"/>
            </move>
            <move automap="true">
                <input path="personalizedPlateRequest/ownerCity"/>
                <output path="personalizedPlateRequest/ownerCity"/>
            </move>
            <move automap="true">
                <input path="personalizedPlateRequest/ownerFirstName"/>
                <output path="personalizedPlateRequest/ownerFirstName"/>
            </move>
            <move automap="true">
                <input path="personalizedPlateRequest/ownerLastName"/>
                <output path="personalizedPlateRequest/ownerLastName"/>
            </move>
            <move automap="true">
                <input path="personalizedPlateRequest/ownerMiddleName"/>
                <output path="personalizedPlateRequest/ownerMiddleName"/>
            </move>
            <move automap="true">
                <input path="personalizedPlateRequest/ownerZip"/>
                <output path="personalizedPlateRequest/ownerZip"/>
            </move>
            <move automap="true">
                <input path="personalizedPlateRequest/phoneNumber"/>
                <output path="personalizedPlateRequest/phoneNumber"/>
            </move>
            <move automap="true">
                <input path="personalizedPlateRequest/plateFeeCode"/>
                <output path="personalizedPlateRequest/plateFeeCode"/>
            </move>
            <move automap="true">
                <input path="personalizedPlateRequest/plateType"/>
                <output path="personalizedPlateRequest/plateType"/>
            </move>
            <move automap="true">
                <input path="personalizedPlateRequest/plateTypeCode"/>
                <output path="personalizedPlateRequest/plateTypeCode"/>
            </move>
            <move automap="true">
                <input path="personalizedPlateRequest/procCd"/>
                <output path="personalizedPlateRequest/procCd"/>
            </move>
            <move automap="true">
                <input path="personalizedPlateRequest/resStatCd"/>
                <output path="personalizedPlateRequest/resStatCd"/>
            </move>
            <move automap="true">
                <input path="personalizedPlateRequest/sessionId"/>
                <output path="personalizedPlateRequest/sessionId"/>
            </move>
            <move automap="true">
                <input path="personalizedPlateRequest/veteranOrgCode"/>
                <output path="personalizedPlateRequest/veteranOrgCode"/>
            </move>
            <move automap="true">
                <input path="personalizedPlateRequest/last3VehicleId"/>
                <output path="personalizedPlateRequest/last3VehicleId"/>
            </move>
        </local>
    </mappingDeclaration>
</mappingRoot>